total: 100
errors: 10
latencies:
  counts: []
  bounds: []
  total: 100
  sum: 1e+08
  sumsq: 0
  mean: 1e+06
  stddev: 0
  min: 100000
  max: 1e+07
queuewaits:
  counts: []
  bounds: []
  total: 100
  sum: 5e+07
  sumsq: 0
  mean: 500000
  stddev: 0
  min: 50000
  max: 5e+06
latpercentiles: {}
qwpercentiles: {}
exemplars:
- {}
exemplardetails: null
codes:
  0: 90
  10: 10
schemaversion: ""
boundshash: 0
sketchkind: ""
invariantsok: false
