bounds_hash: 0
codes:
  "0": 90
  "10": 10
errors: 10
exemplars:
- err: null
  latency: 10000000
  msg: ""
  request_id: req-1
invariants_ok: false
last_updated: "0001-01-01T00:00:00Z"
lat_percentiles:
  centroids:
  - mean: 1000000
    weight: 1
  compression: 100
  compression_trigger_factor: 1.5
  count: 1
  quantiles:
  - 0.1
  - 0.25
  - 0.5
  - 0.75
  - 0.9
  - 0.95
  - 0.99
latencies:
  bounds: null
  counts: null
  m2: 0
  max: 10000000
  mean: 1000000
  min: 100000
  std_dev: 0
  sum: 100000000
  sum_sq: 0
  total: 100
queue_waits:
  bounds: null
  counts: null
  m2: 0
  max: 5000000
  mean: 500000
  min: 50000
  std_dev: 0
  sum: 50000000
  sum_sq: 0
  total: 100
qw_percentiles:
  centroids:
  - mean: 500000
    weight: 1
  compression: 100
  compression_trigger_factor: 1.5
  count: 1
  quantiles:
  - 0.1
  - 0.25
  - 0.5
  - 0.75
  - 0.9
  - 0.95
  - 0.99
schema_version: ""
sketch_kind: ""
start_time: "0001-01-01T00:00:00Z"
total: 100
